This is pdfTeX, Version 3.141592653-2.6-1.40.29 (TeX Live 2026) (preloaded format=pdflatex 2026.4.18)  26 APR 2026 13:03
entering extended mode
 restricted \write18 enabled.
 file:line:error style messages enabled.
 %&-line parsing enabled.
**/scratch/ziv_baretto/Thesis_Ziv/Capstone-Thesis-/Thesis_report/draft_2/current2.0/thesis_presentation.tex
(/scratch/ziv_baretto/Thesis_Ziv/Capstone-Thesis-/Thesis_report/draft_2/current2.0/thesis_presentation.tex
LaTeX2e <2025-11-01>
L3 programming layer <2026-03-20>

! LaTeX Error: File `beamer.cls' not found.

Type X to quit or <RETURN> to proceed,
or enter new name. (Default extension: cls)

Enter file name: 
/scratch/ziv_baretto/Thesis_Ziv/Capstone-Thesis-/Thesis_report/draft_2/current2.0/thesis_presentation.tex:2: Emergency stop.
<read *> 
         
l.2 ^^M
       
*** (cannot \read from terminal in nonstop modes)

 
Here is how much of TeX's memory you used:
 20 strings out of 469339
 708 string characters out of 5466426
 434951 words of memory out of 5000000
 28948 multiletter control sequences out of 15000+600000
 627721 words of font info for 40 fonts, out of 8000000 for 9000
 14 hyphenation exceptions out of 8191
 19i,0n,29p,181b,17s stack positions out of 10000i,1000n,20000p,200000b,200000s
/scratch/ziv_baretto/Thesis_Ziv/Capstone-Thesis-/Thesis_report/draft_2/current2.0/thesis_presentation.tex:2:  ==> Fatal error occurred, no output PDF file produced!
