nohup: ignoring input
[03_kfold] env=thesis_work  run=cross_bucket_full_kfold  k=5
[03_kfold] Launching 5 folds in parallel on GPUs 0-4 ...
[03_kfold] Fold 0 -> GPU 0  (pid 1586257)  log: /scratch/ziv_baretto/Thesis_Ziv/Capstone-Thesis-/section_GNN/outputs/timed_bucket_runs/cross_bucket_total_dataset/logs/cross_bucket_full_kfold_fold_0.log
[03_kfold] Fold 1 -> GPU 1  (pid 1586259)  log: /scratch/ziv_baretto/Thesis_Ziv/Capstone-Thesis-/section_GNN/outputs/timed_bucket_runs/cross_bucket_total_dataset/logs/cross_bucket_full_kfold_fold_1.log
[03_kfold] Fold 2 -> GPU 2  (pid 1586261)  log: /scratch/ziv_baretto/Thesis_Ziv/Capstone-Thesis-/section_GNN/outputs/timed_bucket_runs/cross_bucket_total_dataset/logs/cross_bucket_full_kfold_fold_2.log
[03_kfold] Fold 3 -> GPU 3  (pid 1586263)  log: /scratch/ziv_baretto/Thesis_Ziv/Capstone-Thesis-/section_GNN/outputs/timed_bucket_runs/cross_bucket_total_dataset/logs/cross_bucket_full_kfold_fold_3.log
[03_kfold] Fold 4 -> GPU 4  (pid 1586265)  log: /scratch/ziv_baretto/Thesis_Ziv/Capstone-Thesis-/section_GNN/outputs/timed_bucket_runs/cross_bucket_total_dataset/logs/cross_bucket_full_kfold_fold_4.log
error    libmamba Could not set lock (Resource temporarily unavailable)
warning  libmamba Cannot lock '/home/ziv_baretto/.cache/mamba/proc'
    Waiting for other mamba process to finish
error    libmamba Could not set lock (Resource temporarily unavailable)
warning  libmamba Cannot lock '/home/ziv_baretto/.cache/mamba/proc'
    Waiting for other mamba process to finish
error    libmamba Could not set lock (Resource temporarily unavailable)
warning  libmamba Cannot lock '/home/ziv_baretto/.cache/mamba/proc'
    Waiting for other mamba process to finish
error    libmamba Could not set lock (Resource temporarily unavailable)
warning  libmamba Cannot lock '/home/ziv_baretto/.cache/mamba/proc'
    Waiting for other mamba process to finish
2026-04-17 09:30:49 | INFO | kfold_cv_cross_bucket_full_kfold | Loading graph bundle from /scratch/ziv_baretto/Thesis_Ziv/Capstone-Thesis-/section_GNN/data/timed_bucket_runs/cross_bucket_total_dataset/graph_cache/case_star_global_graph_cross_bucket_total_dataset.reasoning_focused.pt …
2026-04-17 09:30:49 | INFO | kfold_cv_cross_bucket_full_kfold | Loading graph bundle from /scratch/ziv_baretto/Thesis_Ziv/Capstone-Thesis-/section_GNN/data/timed_bucket_runs/cross_bucket_total_dataset/graph_cache/case_star_global_graph_cross_bucket_total_dataset.reasoning_focused.pt …
2026-04-17 09:30:49 | INFO | kfold_cv_cross_bucket_full_kfold | Loading graph bundle from /scratch/ziv_baretto/Thesis_Ziv/Capstone-Thesis-/section_GNN/data/timed_bucket_runs/cross_bucket_total_dataset/graph_cache/case_star_global_graph_cross_bucket_total_dataset.reasoning_focused.pt …
2026-04-17 09:30:49 | INFO | kfold_cv_cross_bucket_full_kfold | Loading graph bundle from /scratch/ziv_baretto/Thesis_Ziv/Capstone-Thesis-/section_GNN/data/timed_bucket_runs/cross_bucket_total_dataset/graph_cache/case_star_global_graph_cross_bucket_total_dataset.reasoning_focused.pt …
2026-04-17 09:30:49 | INFO | kfold_cv_cross_bucket_full_kfold | Loading graph bundle from /scratch/ziv_baretto/Thesis_Ziv/Capstone-Thesis-/section_GNN/data/timed_bucket_runs/cross_bucket_total_dataset/graph_cache/case_star_global_graph_cross_bucket_total_dataset.reasoning_focused.pt …
2026-04-17 09:30:55 | INFO | kfold_cv_cross_bucket_full_kfold | Graph loaded | n_cases=70460 | labels=['-1', '1']
2026-04-17 09:30:55 | INFO | kfold_cv_cross_bucket_full_kfold | Running 1 fold(s) of 5-fold CV | val_fraction=0.10
2026-04-17 09:30:55 | INFO | kfold_cv_cross_bucket_full_kfold | ── Fold 3/5 | train=56368  test=14092  seed=44
2026-04-17 09:30:55 | INFO | kfold_cv_cross_bucket_full_kfold | Graph loaded | n_cases=70460 | labels=['-1', '1']
2026-04-17 09:30:55 | INFO | kfold_cv_cross_bucket_full_kfold | Running 1 fold(s) of 5-fold CV | val_fraction=0.10
2026-04-17 09:30:55 | INFO | kfold_cv_cross_bucket_full_kfold | ── Fold 1/5 | train=56368  test=14092  seed=42
2026-04-17 09:30:55 | INFO | kfold_cv_cross_bucket_full_kfold | Graph loaded | n_cases=70460 | labels=['-1', '1']
2026-04-17 09:30:55 | INFO | kfold_cv_cross_bucket_full_kfold | Running 1 fold(s) of 5-fold CV | val_fraction=0.10
2026-04-17 09:30:55 | INFO | kfold_cv_cross_bucket_full_kfold | ── Fold 5/5 | train=56368  test=14092  seed=46
2026-04-17 09:30:55 | INFO | kfold_cv_cross_bucket_full_kfold | Graph loaded | n_cases=70460 | labels=['-1', '1']
2026-04-17 09:30:55 | INFO | kfold_cv_cross_bucket_full_kfold | Running 1 fold(s) of 5-fold CV | val_fraction=0.10
2026-04-17 09:30:55 | INFO | kfold_cv_cross_bucket_full_kfold | ── Fold 4/5 | train=56368  test=14092  seed=45
2026-04-17 09:30:56 | INFO | kfold_cv_cross_bucket_full_kfold | Graph loaded | n_cases=70460 | labels=['-1', '1']
2026-04-17 09:30:56 | INFO | kfold_cv_cross_bucket_full_kfold | Running 1 fold(s) of 5-fold CV | val_fraction=0.10
2026-04-17 09:30:56 | INFO | kfold_cv_cross_bucket_full_kfold | ── Fold 2/5 | train=56368  test=14092  seed=43
2026-04-17 09:31:10 | INFO | kfold_cv_cross_bucket_full_kfold | epoch=1/60 train_loss=0.7023 train_macro_f1=0.2809 val_macro_f1=0.2847 best_val_macro_f1=0.2847 patience_counter=0
2026-04-17 09:31:12 | INFO | kfold_cv_cross_bucket_full_kfold | epoch=1/60 train_loss=0.7019 train_macro_f1=0.3859 val_macro_f1=0.3879 best_val_macro_f1=0.3879 patience_counter=0
2026-04-17 09:31:14 | INFO | kfold_cv_cross_bucket_full_kfold | epoch=1/60 train_loss=0.7078 train_macro_f1=0.2831 val_macro_f1=0.2779 best_val_macro_f1=0.2779 patience_counter=0
2026-04-17 09:31:14 | INFO | kfold_cv_cross_bucket_full_kfold | epoch=1/60 train_loss=0.7382 train_macro_f1=0.4257 val_macro_f1=0.4175 best_val_macro_f1=0.4175 patience_counter=0
2026-04-17 09:31:14 | INFO | kfold_cv_cross_bucket_full_kfold | epoch=1/60 train_loss=0.7130 train_macro_f1=0.3857 val_macro_f1=0.3855 best_val_macro_f1=0.3855 patience_counter=0
2026-04-17 09:31:34 | INFO | kfold_cv_cross_bucket_full_kfold | epoch=5/60 train_loss=0.6748 train_macro_f1=0.6478 val_macro_f1=0.6497 best_val_macro_f1=0.6497 patience_counter=0
2026-04-17 09:31:36 | INFO | kfold_cv_cross_bucket_full_kfold | epoch=5/60 train_loss=0.6749 train_macro_f1=0.5891 val_macro_f1=0.5825 best_val_macro_f1=0.6381 patience_counter=2
2026-04-17 09:31:39 | INFO | kfold_cv_cross_bucket_full_kfold | epoch=5/60 train_loss=0.6709 train_macro_f1=0.6600 val_macro_f1=0.6585 best_val_macro_f1=0.6585 patience_counter=0
2026-04-17 09:31:39 | INFO | kfold_cv_cross_bucket_full_kfold | epoch=5/60 train_loss=0.6846 train_macro_f1=0.6355 val_macro_f1=0.6414 best_val_macro_f1=0.6414 patience_counter=0
2026-04-17 09:31:39 | INFO | kfold_cv_cross_bucket_full_kfold | epoch=5/60 train_loss=0.6722 train_macro_f1=0.6527 val_macro_f1=0.6558 best_val_macro_f1=0.6558 patience_counter=0
2026-04-17 09:32:04 | INFO | kfold_cv_cross_bucket_full_kfold | epoch=10/60 train_loss=0.6278 train_macro_f1=0.6743 val_macro_f1=0.6723 best_val_macro_f1=0.6723 patience_counter=0
2026-04-17 09:32:06 | INFO | kfold_cv_cross_bucket_full_kfold | epoch=10/60 train_loss=0.6291 train_macro_f1=0.6720 val_macro_f1=0.6657 best_val_macro_f1=0.6657 patience_counter=0
2026-04-17 09:32:09 | INFO | kfold_cv_cross_bucket_full_kfold | epoch=10/60 train_loss=0.6245 train_macro_f1=0.6752 val_macro_f1=0.6716 best_val_macro_f1=0.6716 patience_counter=0
2026-04-17 09:32:09 | INFO | kfold_cv_cross_bucket_full_kfold | epoch=10/60 train_loss=0.6574 train_macro_f1=0.6611 val_macro_f1=0.6757 best_val_macro_f1=0.6757 patience_counter=0
2026-04-17 09:32:10 | INFO | kfold_cv_cross_bucket_full_kfold | epoch=10/60 train_loss=0.6219 train_macro_f1=0.6758 val_macro_f1=0.6772 best_val_macro_f1=0.6772 patience_counter=0
2026-04-17 09:32:38 | INFO | kfold_cv_cross_bucket_full_kfold | epoch=15/60 train_loss=0.5973 train_macro_f1=0.6935 val_macro_f1=0.6886 best_val_macro_f1=0.6886 patience_counter=0
2026-04-17 09:32:38 | INFO | kfold_cv_cross_bucket_full_kfold | epoch=15/60 train_loss=0.6010 train_macro_f1=0.6913 val_macro_f1=0.6844 best_val_macro_f1=0.6844 patience_counter=0
2026-04-17 09:32:42 | INFO | kfold_cv_cross_bucket_full_kfold | epoch=15/60 train_loss=0.6242 train_macro_f1=0.6712 val_macro_f1=0.6789 best_val_macro_f1=0.6790 patience_counter=3
2026-04-17 09:32:43 | INFO | kfold_cv_cross_bucket_full_kfold | epoch=15/60 train_loss=0.5942 train_macro_f1=0.6990 val_macro_f1=0.6921 best_val_macro_f1=0.6921 patience_counter=0
2026-04-17 09:32:44 | INFO | kfold_cv_cross_bucket_full_kfold | epoch=15/60 train_loss=0.5911 train_macro_f1=0.6985 val_macro_f1=0.7020 best_val_macro_f1=0.7020 patience_counter=0
2026-04-17 09:33:09 | INFO | kfold_cv_cross_bucket_full_kfold | epoch=20/60 train_loss=0.5738 train_macro_f1=0.7113 val_macro_f1=0.7119 best_val_macro_f1=0.7119 patience_counter=0
2026-04-17 09:33:09 | INFO | kfold_cv_cross_bucket_full_kfold | epoch=20/60 train_loss=0.5768 train_macro_f1=0.7120 val_macro_f1=0.6999 best_val_macro_f1=0.6999 patience_counter=0
2026-04-17 09:33:12 | INFO | kfold_cv_cross_bucket_full_kfold | epoch=20/60 train_loss=0.5993 train_macro_f1=0.6933 val_macro_f1=0.7019 best_val_macro_f1=0.7019 patience_counter=0
2026-04-17 09:33:14 | INFO | kfold_cv_cross_bucket_full_kfold | epoch=20/60 train_loss=0.5665 train_macro_f1=0.7165 val_macro_f1=0.7089 best_val_macro_f1=0.7089 patience_counter=0
2026-04-17 09:33:15 | INFO | kfold_cv_cross_bucket_full_kfold | epoch=20/60 train_loss=0.5616 train_macro_f1=0.7171 val_macro_f1=0.7159 best_val_macro_f1=0.7159 patience_counter=0
2026-04-17 09:33:39 | INFO | kfold_cv_cross_bucket_full_kfold | epoch=25/60 train_loss=0.5454 train_macro_f1=0.7329 val_macro_f1=0.7252 best_val_macro_f1=0.7252 patience_counter=0
2026-04-17 09:33:39 | INFO | kfold_cv_cross_bucket_full_kfold | epoch=25/60 train_loss=0.5468 train_macro_f1=0.7307 val_macro_f1=0.7157 best_val_macro_f1=0.7193 patience_counter=1
2026-04-17 09:33:42 | INFO | kfold_cv_cross_bucket_full_kfold | epoch=25/60 train_loss=0.5725 train_macro_f1=0.7090 val_macro_f1=0.7138 best_val_macro_f1=0.7142 patience_counter=1
2026-04-17 09:33:44 | INFO | kfold_cv_cross_bucket_full_kfold | epoch=25/60 train_loss=0.5363 train_macro_f1=0.7407 val_macro_f1=0.7337 best_val_macro_f1=0.7337 patience_counter=0
2026-04-17 09:33:45 | INFO | kfold_cv_cross_bucket_full_kfold | epoch=25/60 train_loss=0.5340 train_macro_f1=0.7363 val_macro_f1=0.7356 best_val_macro_f1=0.7356 patience_counter=0
2026-04-17 09:34:09 | INFO | kfold_cv_cross_bucket_full_kfold | epoch=30/60 train_loss=0.5211 train_macro_f1=0.7473 val_macro_f1=0.7407 best_val_macro_f1=0.7407 patience_counter=0
2026-04-17 09:34:10 | INFO | kfold_cv_cross_bucket_full_kfold | epoch=30/60 train_loss=0.5190 train_macro_f1=0.7455 val_macro_f1=0.7372 best_val_macro_f1=0.7373 patience_counter=2
2026-04-17 09:34:13 | INFO | kfold_cv_cross_bucket_full_kfold | epoch=30/60 train_loss=0.5424 train_macro_f1=0.7283 val_macro_f1=0.7332 best_val_macro_f1=0.7372 patience_counter=1
2026-04-17 09:34:14 | INFO | kfold_cv_cross_bucket_full_kfold | epoch=30/60 train_loss=0.5169 train_macro_f1=0.7486 val_macro_f1=0.7429 best_val_macro_f1=0.7429 patience_counter=0
2026-04-17 09:34:15 | INFO | kfold_cv_cross_bucket_full_kfold | epoch=30/60 train_loss=0.5139 train_macro_f1=0.7500 val_macro_f1=0.7470 best_val_macro_f1=0.7493 patience_counter=2
2026-04-17 09:34:40 | INFO | kfold_cv_cross_bucket_full_kfold | epoch=35/60 train_loss=0.4989 train_macro_f1=0.7441 val_macro_f1=0.7415 best_val_macro_f1=0.7488 patience_counter=2
2026-04-17 09:34:40 | INFO | kfold_cv_cross_bucket_full_kfold | epoch=35/60 train_loss=0.4957 train_macro_f1=0.7580 val_macro_f1=0.7509 best_val_macro_f1=0.7509 patience_counter=0
2026-04-17 09:34:43 | INFO | kfold_cv_cross_bucket_full_kfold | epoch=35/60 train_loss=0.5158 train_macro_f1=0.7378 val_macro_f1=0.7434 best_val_macro_f1=0.7434 patience_counter=0
2026-04-17 09:34:45 | INFO | kfold_cv_cross_bucket_full_kfold | epoch=35/60 train_loss=0.4978 train_macro_f1=0.7503 val_macro_f1=0.7385 best_val_macro_f1=0.7526 patience_counter=1
2026-04-17 09:34:46 | INFO | kfold_cv_cross_bucket_full_kfold | epoch=35/60 train_loss=0.4919 train_macro_f1=0.7469 val_macro_f1=0.7433 best_val_macro_f1=0.7530 patience_counter=1
2026-04-17 09:35:10 | INFO | kfold_cv_cross_bucket_full_kfold | epoch=40/60 train_loss=0.4848 train_macro_f1=0.7685 val_macro_f1=0.7606 best_val_macro_f1=0.7606 patience_counter=0
2026-04-17 09:35:10 | INFO | kfold_cv_cross_bucket_full_kfold | epoch=40/60 train_loss=0.4794 train_macro_f1=0.7547 val_macro_f1=0.7381 best_val_macro_f1=0.7548 patience_counter=2
2026-04-17 09:35:13 | INFO | kfold_cv_cross_bucket_full_kfold | epoch=40/60 train_loss=0.4947 train_macro_f1=0.7454 val_macro_f1=0.7454 best_val_macro_f1=0.7508 patience_counter=2
2026-04-17 09:35:15 | INFO | kfold_cv_cross_bucket_full_kfold | epoch=40/60 train_loss=0.4783 train_macro_f1=0.7668 val_macro_f1=0.7589 best_val_macro_f1=0.7589 patience_counter=0
2026-04-17 09:35:16 | INFO | kfold_cv_cross_bucket_full_kfold | epoch=40/60 train_loss=0.4735 train_macro_f1=0.7680 val_macro_f1=0.7604 best_val_macro_f1=0.7604 patience_counter=0
2026-04-17 09:35:41 | INFO | kfold_cv_cross_bucket_full_kfold | epoch=45/60 train_loss=0.4677 train_macro_f1=0.7665 val_macro_f1=0.7645 best_val_macro_f1=0.7675 patience_counter=1
2026-04-17 09:35:41 | INFO | kfold_cv_cross_bucket_full_kfold | epoch=45/60 train_loss=0.4627 train_macro_f1=0.7751 val_macro_f1=0.7612 best_val_macro_f1=0.7612 patience_counter=0
2026-04-17 09:35:44 | INFO | kfold_cv_cross_bucket_full_kfold | epoch=45/60 train_loss=0.4784 train_macro_f1=0.7621 val_macro_f1=0.7549 best_val_macro_f1=0.7603 patience_counter=1
2026-04-17 09:35:45 | INFO | kfold_cv_cross_bucket_full_kfold | epoch=45/60 train_loss=0.4630 train_macro_f1=0.7777 val_macro_f1=0.7679 best_val_macro_f1=0.7679 patience_counter=0
2026-04-17 09:35:46 | INFO | kfold_cv_cross_bucket_full_kfold | epoch=45/60 train_loss=0.4578 train_macro_f1=0.7778 val_macro_f1=0.7707 best_val_macro_f1=0.7707 patience_counter=0
2026-04-17 09:36:11 | INFO | kfold_cv_cross_bucket_full_kfold | epoch=50/60 train_loss=0.4506 train_macro_f1=0.7834 val_macro_f1=0.7754 best_val_macro_f1=0.7754 patience_counter=0
2026-04-17 09:36:11 | INFO | kfold_cv_cross_bucket_full_kfold | epoch=50/60 train_loss=0.4472 train_macro_f1=0.7748 val_macro_f1=0.7522 best_val_macro_f1=0.7644 patience_counter=2
2026-04-17 09:36:14 | INFO | kfold_cv_cross_bucket_full_kfold | epoch=50/60 train_loss=0.4595 train_macro_f1=0.7747 val_macro_f1=0.7651 best_val_macro_f1=0.7651 patience_counter=1
2026-04-17 09:36:15 | INFO | kfold_cv_cross_bucket_full_kfold | epoch=50/60 train_loss=0.4474 train_macro_f1=0.7873 val_macro_f1=0.7735 best_val_macro_f1=0.7735 patience_counter=0
2026-04-17 09:36:17 | INFO | kfold_cv_cross_bucket_full_kfold | epoch=50/60 train_loss=0.4438 train_macro_f1=0.7869 val_macro_f1=0.7801 best_val_macro_f1=0.7801 patience_counter=0
2026-04-17 09:36:41 | INFO | kfold_cv_cross_bucket_full_kfold | epoch=55/60 train_loss=0.4347 train_macro_f1=0.7946 val_macro_f1=0.7825 best_val_macro_f1=0.7825 patience_counter=0
2026-04-17 09:36:42 | INFO | kfold_cv_cross_bucket_full_kfold | epoch=55/60 train_loss=0.4348 train_macro_f1=0.7819 val_macro_f1=0.7577 best_val_macro_f1=0.7717 patience_counter=1
2026-04-17 09:36:44 | INFO | kfold_cv_cross_bucket_full_kfold | epoch=55/60 train_loss=0.4427 train_macro_f1=0.7853 val_macro_f1=0.7732 best_val_macro_f1=0.7732 patience_counter=0
2026-04-17 09:36:46 | INFO | kfold_cv_cross_bucket_full_kfold | epoch=55/60 train_loss=0.4357 train_macro_f1=0.7962 val_macro_f1=0.7805 best_val_macro_f1=0.7805 patience_counter=0
2026-04-17 09:36:47 | INFO | kfold_cv_cross_bucket_full_kfold | epoch=55/60 train_loss=0.4274 train_macro_f1=0.7971 val_macro_f1=0.7815 best_val_macro_f1=0.7815 patience_counter=0
2026-04-17 09:37:12 | INFO | kfold_cv_cross_bucket_full_kfold | epoch=60/60 train_loss=0.4203 train_macro_f1=0.8010 val_macro_f1=0.7849 best_val_macro_f1=0.7851 patience_counter=3
2026-04-17 09:37:12 | INFO | kfold_cv_cross_bucket_full_kfold | epoch=60/60 train_loss=0.4203 train_macro_f1=0.7885 val_macro_f1=0.7626 best_val_macro_f1=0.7795 patience_counter=1
2026-04-17 09:37:13 | INFO | kfold_cv_cross_bucket_full_kfold | Fold 3 done | test_acc=0.7848  test_macro_f1=0.7765
2026-04-17 09:37:13 | INFO | kfold_cv_cross_bucket_full_kfold | Fold 2 complete. Run remaining folds then aggregate with --aggregate-only.
2026-04-17 09:37:13 | INFO | kfold_cv_cross_bucket_full_kfold | Fold 5 done | test_acc=0.7857  test_macro_f1=0.7791
2026-04-17 09:37:13 | INFO | kfold_cv_cross_bucket_full_kfold | Fold 4 complete. Run remaining folds then aggregate with --aggregate-only.
2026-04-17 09:37:14 | INFO | kfold_cv_cross_bucket_full_kfold | epoch=60/60 train_loss=0.4272 train_macro_f1=0.7973 val_macro_f1=0.7774 best_val_macro_f1=0.7774 patience_counter=0
2026-04-17 09:37:15 | INFO | kfold_cv_cross_bucket_full_kfold | Fold 4 done | test_acc=0.7835  test_macro_f1=0.7781
2026-04-17 09:37:15 | INFO | kfold_cv_cross_bucket_full_kfold | Fold 3 complete. Run remaining folds then aggregate with --aggregate-only.
2026-04-17 09:37:16 | INFO | kfold_cv_cross_bucket_full_kfold | epoch=60/60 train_loss=0.4158 train_macro_f1=0.7982 val_macro_f1=0.7748 best_val_macro_f1=0.7858 patience_counter=2
2026-04-17 09:37:17 | INFO | kfold_cv_cross_bucket_full_kfold | Fold 1 done | test_acc=0.7870  test_macro_f1=0.7800
2026-04-17 09:37:17 | INFO | kfold_cv_cross_bucket_full_kfold | Fold 0 complete. Run remaining folds then aggregate with --aggregate-only.
2026-04-17 09:37:18 | INFO | kfold_cv_cross_bucket_full_kfold | epoch=60/60 train_loss=0.4133 train_macro_f1=0.8053 val_macro_f1=0.7855 best_val_macro_f1=0.7855 patience_counter=0
2026-04-17 09:37:18 | INFO | kfold_cv_cross_bucket_full_kfold | Fold 2 done | test_acc=0.7859  test_macro_f1=0.7787
2026-04-17 09:37:18 | INFO | kfold_cv_cross_bucket_full_kfold | Fold 1 complete. Run remaining folds then aggregate with --aggregate-only.
[03_kfold] Fold 0 complete.
[03_kfold] Fold 1 complete.
[03_kfold] Fold 2 complete.
[03_kfold] Fold 3 complete.
[03_kfold] Fold 4 complete.
[03_kfold] All folds done. Aggregating ...
2026-04-17 09:37:24 | INFO | kfold_cv_cross_bucket_full_kfold | Aggregate (5/5 folds) | accuracy=0.7854±0.0012  macro_f1=0.7785±0.0012
[03_kfold] Done. Summary -> /scratch/ziv_baretto/Thesis_Ziv/Capstone-Thesis-/section_GNN/outputs/timed_bucket_runs/cross_bucket_total_dataset/models/cross_bucket_full_kfold/kfold/kfold_summary.json
